// Jest Snapshot v1, https://goo.gl/fbAQLP

exports[`pages/GameDetails/BoxScore/PlayersBoxScore/PlayersStatistics should render statistics if played !== 0 1`] = `
<body>
  <div>
    <table>
      <tbody>
        <tr>
          <td
            align="right"
            class="text-sm"
          >
            18:19
          </td>
          <td
            align="right"
            class="text-sm"
          >
            4
          </td>
          <td
            align="right"
            class="text-sm"
          >
            7
          </td>
          <td
            align="right"
            class="text-sm"
          >
            57.1%
          </td>
          <td
            align="right"
            class="text-sm"
          >
            1
          </td>
          <td
            align="right"
            class="text-sm"
          >
            2
          </td>
          <td
            align="right"
            class="text-sm"
          >
            50.0%
          </td>
          <td
            align="right"
            class="text-sm"
          >
            0
          </td>
          <td
            align="right"
            class="text-sm"
          >
            0
          </td>
          <td
            align="right"
            class="text-sm"
          >
            0.0%
          </td>
          <td
            align="right"
            class="text-sm"
          >
            0
          </td>
          <td
            align="right"
            class="text-sm"
          >
            0
          </td>
          <td
            align="right"
            class="text-sm"
          >
            0
          </td>
          <td
            align="right"
            class="text-sm"
          >
            1
          </td>
          <td
            align="right"
            class="text-sm"
          >
            0
          </td>
          <td
            align="right"
            class="text-sm"
          >
            0
          </td>
          <td
            align="right"
            class="text-sm"
          >
            1
          </td>
          <td
            align="right"
            class="text-sm"
          >
            1
          </td>
          <td
            align="right"
            class="text-sm"
          >
            9
          </td>
          <td
            align="right"
            class="text-sm"
          >
            -23
          </td>
        </tr>
      </tbody>
    </table>
  </div>
</body>
`;
