// Jest Snapshot v1, https://goo.gl/fbAQLP

exports[`pages/Games/GameCard/GameLeaders/GameLeaderDetails should render GameLeaderDetails that matches snapshot 1`] = `
<body>
  <div>
    <div
      class="flex items-center pt-1 pb-1"
    >
      <div
        class="mr-2"
      >
        <div
          class="w-[24px] h-[24px]"
        >
          <img
            alt="Jayson Tatum headshot"
            class="mr-2 bg-gray-300 shadow-sm rounded-full w-full h-full object-cover"
            loading="lazy"
            src="https://cdn.nba.com/headshots/nba/latest/260x190/1.png"
          />
        </div>
      </div>
      <div
        class="grid"
      >
        <p
          class="text-sm"
        >
          Jayson Tatum
        </p>
        <div>
          <p
            class="text-xs text-gray-500"
          >
            BOS
             | #
            0
             | 
            SF
          </p>
        </div>
      </div>
    </div>
  </div>
</body>
`;
