// Jest Snapshot v1, https://goo.gl/fbAQLP

exports[`pages/Games/GameCard/Scoreboard should render Scoreboard that matches snapshot 1`] = `
<body>
  <div>
    <div
      class="pt-2 pb-2 pl-4 pr-4 flex gap-2 items-center"
    >
      <div
        class="flex gap-3 items-center"
      >
        <div
          class="grid gap-1 justify-center"
        >
          <img
            alt="Lakers logo"
            height="64"
            loading="lazy"
            src="https://cdn.nba.com/logos/nba/1/global/L/logo.svg"
            width="64"
          />
          <div>
            <p
              class="text-center text-sm"
            >
              Lakers
            </p>
            <p
              class="text-center text-gray-500 text-xs"
            >
              0 - 82
            </p>
          </div>
        </div>
        <div
          class="w-[52px]"
        >
          <p
            class="font-bold text-2xl"
          >
            92
          </p>
        </div>
      </div>
      <div
        class="flex-grow flex justify-center"
      >
        <p
          class="text-sm uppercase font-bold"
        >
          FINAL
        </p>
      </div>
      <div
        class="flex gap-3 items-center"
      >
        <div
          class="w-[52px]"
        >
          <p
            class="font-bold text-2xl"
          >
            131
          </p>
        </div>
        <div
          class="grid gap-1 justify-center"
        >
          <img
            alt="Celtics logo"
            height="64"
            loading="lazy"
            src="https://cdn.nba.com/logos/nba/0/global/L/logo.svg"
            width="64"
          />
          <div>
            <p
              class="text-center text-sm"
            >
              Celtics
            </p>
            <p
              class="text-center text-gray-500 text-xs"
            >
              82 - 0
            </p>
          </div>
        </div>
      </div>
    </div>
  </div>
</body>
`;
