// Jest Snapshot v1, https://goo.gl/fbAQLP

exports[`pages/GameDetails/Summary/InjuryReport should render InjuryReport that matches snapshot 1`] = `
<body>
  <div>
    <div
      class="p-5 grid gap-3 divide-y shadow-md bg-white rounded"
    >
      <div>
        <p
          class="text-2xl font-bold uppercase"
        >
          Injury report
        </p>
      </div>
      <div
        class="pt-5"
      >
        <div
          class="divide-y"
        >
          <div
            class="pt-2 pb-2 flex items-center gap-2"
          >
            <div>
              <div
                class="w-[48px] h-[48px]"
              >
                <img
                  alt="Anthony Davis headshot"
                  class="mr-2 bg-gray-300 shadow-sm rounded-full w-full h-full object-cover"
                  loading="lazy"
                  src="https://cdn.nba.com/headshots/nba/latest/260x190/1.png"
                />
              </div>
            </div>
            <div>
              <img
                alt="LAL logo"
                height="24"
                loading="lazy"
                src="https://cdn.nba.com/logos/nba/1/global/L/logo.svg"
                width="24"
              />
            </div>
            <div
              class="grid"
            >
              <p
                class="text-sm"
              >
                Anthony Davis
              </p>
              <p
                class="text-xs text-gray-500"
              >
                LAL
                 | #
                3
              </p>
            </div>
          </div>
        </div>
      </div>
    </div>
  </div>
</body>
`;
