// Jest Snapshot v1, https://goo.gl/fbAQLP

exports[`pages/GameDetails/Summary/TeamComparison/TeamStats should render TeamStatsChart that matches snapshot 1`] = `
<body>
  <div>
    <div
      class="grid gap-4"
    >
      <div>
        <p
          class="font-bold text-sm"
        >
          Field Goals
        </p>
      </div>
      <div
        class="grid gap-3"
      >
        <div>
          <div>
            <div
              class="flex items-center gap-2"
            >
              <div
                class="flex-grow"
              >
                <p
                  class="text-sm"
                >
                  OKC
                </p>
              </div>
              <div>
                <p
                  class="font-bold text-lg"
                >
                  100/100
                </p>
              </div>
            </div>
            <div
              class="relative h-4"
            >
              <div
                class="absolute h-4 bg-blue-800 z-10"
                style="width: 100%;"
              />
              <div
                class="absolute h-4 bg-gray-100 w-full"
              />
            </div>
          </div>
        </div>
        <div>
          <div>
            <div
              class="flex items-center gap-2"
            >
              <div
                class="flex-grow"
              >
                <p
                  class="text-sm"
                >
                  DAL
                </p>
              </div>
              <div>
                <p
                  class="font-bold text-lg"
                >
                  100/100
                </p>
              </div>
            </div>
            <div
              class="relative h-4"
            >
              <div
                class="absolute h-4 bg-red-800 z-10"
                style="width: 100%;"
              />
              <div
                class="absolute h-4 bg-gray-100 w-full"
              />
            </div>
          </div>
        </div>
      </div>
    </div>
  </div>
</body>
`;
